{"timestamp": "2026-04-27T09:53:39.739902", "service": "batch-worker-service", "level": "ERROR", "message": "Duplicate SKU - product_id=11 sku=LM-010", "correlation_id": "N/A"}
{"timestamp": "2026-04-27T09:53:39.750938", "service": "batch-worker-service", "level": "ERROR", "message": "Duplicate SKU - product_id=15 sku=SS-014", "correlation_id": "N/A"}
{"timestamp": "2026-04-27T10:15:26.881901", "service": "batch-worker-service", "level": "ERROR", "message": "Duplicate SKU - product_id=23 sku=LB-025", "correlation_id": "N/A"}
{"timestamp": "2026-04-27T10:29:17.621097", "service": "batch-worker-service", "level": "ERROR", "message": "(Duplicate SKU: MP-015 - product_id=15 sku=MP-015", "correlation_id": "N/A"}
{"timestamp": "2026-04-27T10:29:17.975806", "service": "batch-worker-service", "level": "ERROR", "message": "(Duplicate SKU: PS-016 - product_id=16 sku=PS-016", "correlation_id": "N/A"}
{"timestamp": "2026-04-27T10:29:18.005283", "service": "batch-worker-service", "level": "ERROR", "message": "(Duplicate SKU: WK-017 - product_id=17 sku=WK-017", "correlation_id": "N/A"}
{"timestamp": "2026-04-27T10:29:18.025945", "service": "batch-worker-service", "level": "ERROR", "message": "(Duplicate SKU: FB-018 - product_id=18 sku=FB-018", "correlation_id": "N/A"}
{"timestamp": "2026-04-27T10:29:18.031475", "service": "batch-worker-service", "level": "ERROR", "message": "(Duplicate SKU: LB-019 - product_id=19 sku=LB-019", "correlation_id": "N/A"}
{"timestamp": "2026-04-27T10:29:18.052856", "service": "batch-worker-service", "level": "ERROR", "message": "(Duplicate SKU: TS-020 - product_id=20 sku=TS-020", "correlation_id": "N/A"}
{"timestamp": "2026-04-27T10:29:18.073731", "service": "batch-worker-service", "level": "ERROR", "message": "(Duplicate SKU: UH-021 - product_id=21 sku=UH-021", "correlation_id": "N/A"}
{"timestamp": "2026-04-27T10:29:18.077414", "service": "batch-worker-service", "level": "ERROR", "message": "(Duplicate SKU: GT-022 - product_id=22 sku=GT-022", "correlation_id": "N/A"}
{"timestamp": "2026-04-27T10:29:18.080595", "service": "batch-worker-service", "level": "ERROR", "message": "(Duplicate SKU: VR-023 - product_id=23 sku=VR-023", "correlation_id": "N/A"}
{"timestamp": "2026-04-27T10:29:18.092129", "service": "batch-worker-service", "level": "ERROR", "message": "(Duplicate SKU: WR-024 - product_id=24 sku=WR-024", "correlation_id": "N/A"}
{"timestamp": "2026-04-27T10:29:18.105729", "service": "batch-worker-service", "level": "ERROR", "message": "(Dupicate product_id:23 - product_id=23 sku=LB-025", "correlation_id": "N/A"}
{"timestamp": "2026-04-27T10:47:33.393258", "service": "batch-worker-service", "level": "ERROR", "message": "Failed to insert product_id=15 error=localhost:27017: [Errno 61] Connection refused (configured timeouts: socketTimeoutMS: 20000.0ms, connectTimeoutMS: 20000.0ms), Timeout: 30s, Topology Description: <TopologyDescription id: 69ef3cb07b7a347c59f2a9d7, topology_type: Single, servers: [<ServerDescription ('localhost', 27017) server_type: Unknown, rtt: None, error=AutoReconnect('localhost:27017: [Errno 61] Connection refused (configured timeouts: socketTimeoutMS: 20000.0ms, connectTimeoutMS: 20000.0ms)')>]>", "correlation_id": "N/A"}
{"timestamp": "2026-04-27T10:48:03.669639", "service": "batch-worker-service", "level": "ERROR", "message": "Failed to insert product_id=16 error=localhost:27017: [Errno 61] Connection refused (configured timeouts: socketTimeoutMS: 20000.0ms, connectTimeoutMS: 20000.0ms), Timeout: 30s, Topology Description: <TopologyDescription id: 69ef3cb07b7a347c59f2a9d7, topology_type: Single, servers: [<ServerDescription ('localhost', 27017) server_type: Unknown, rtt: None, error=AutoReconnect('localhost:27017: [Errno 61] Connection refused (configured timeouts: socketTimeoutMS: 20000.0ms, connectTimeoutMS: 20000.0ms)')>]>", "correlation_id": "N/A"}
{"timestamp": "2026-04-27T10:48:33.920942", "service": "batch-worker-service", "level": "ERROR", "message": "Failed to insert product_id=17 error=localhost:27017: [Errno 61] Connection refused (configured timeouts: socketTimeoutMS: 20000.0ms, connectTimeoutMS: 20000.0ms), Timeout: 30s, Topology Description: <TopologyDescription id: 69ef3cb07b7a347c59f2a9d7, topology_type: Single, servers: [<ServerDescription ('localhost', 27017) server_type: Unknown, rtt: None, error=AutoReconnect('localhost:27017: [Errno 61] Connection refused (configured timeouts: socketTimeoutMS: 20000.0ms, connectTimeoutMS: 20000.0ms)')>]>", "correlation_id": "N/A"}
{"timestamp": "2026-04-27T10:49:04.196203", "service": "batch-worker-service", "level": "ERROR", "message": "Failed to insert product_id=18 error=localhost:27017: [Errno 61] Connection refused (configured timeouts: socketTimeoutMS: 20000.0ms, connectTimeoutMS: 20000.0ms), Timeout: 30s, Topology Description: <TopologyDescription id: 69ef3cb07b7a347c59f2a9d7, topology_type: Single, servers: [<ServerDescription ('localhost', 27017) server_type: Unknown, rtt: None, error=AutoReconnect('localhost:27017: [Errno 61] Connection refused (configured timeouts: socketTimeoutMS: 20000.0ms, connectTimeoutMS: 20000.0ms)')>]>", "correlation_id": "N/A"}
{"timestamp": "2026-04-27T12:28:25.188449", "service": "batch-worker-service", "level": "INFO", "message": "Received ", "correlation_id": "N/A"}
{"timestamp": "2026-04-27T12:28:25.216674", "service": "batch-worker-service", "level": "ERROR", "message": "(Dupicate product_id:1 - product_id=1 sku=WM-001", "correlation_id": "N/A"}
{"timestamp": "2026-04-27T12:33:23.773743", "service": "batch-worker-service", "level": "INFO", "message": "Received ", "correlation_id": "N/A"}
{"timestamp": "2026-04-27T12:33:23.789328", "service": "batch-worker-service", "level": "ERROR", "message": "(Dupicate product_id:1 - product_id=1 sku=WM-001", "correlation_id": "N/A"}
{"timestamp": "2026-04-27T12:33:23.803173", "service": "batch-worker-service", "level": "ERROR", "message": "(Duplicate SKU: MK-002 - product_id=2 sku=MK-002", "correlation_id": "N/A"}
{"timestamp": "2026-04-27T12:33:23.806871", "service": "batch-worker-service", "level": "ERROR", "message": "(Duplicate SKU: BS-003 - product_id=3 sku=BS-003", "correlation_id": "N/A"}
{"timestamp": "2026-04-27T12:33:23.814882", "service": "batch-worker-service", "level": "ERROR", "message": "(Duplicate SKU: SW-004 - product_id=4 sku=SW-004", "correlation_id": "N/A"}
{"timestamp": "2026-04-27T12:33:23.818913", "service": "batch-worker-service", "level": "ERROR", "message": "(Duplicate SKU: UC-005 - product_id=5 sku=UC-005", "correlation_id": "N/A"}
{"timestamp": "2026-04-27T12:33:23.827637", "service": "batch-worker-service", "level": "ERROR", "message": "(Duplicate SKU: LS-006 - product_id=6 sku=LS-006", "correlation_id": "N/A"}
{"timestamp": "2026-04-27T12:33:23.831689", "service": "batch-worker-service", "level": "ERROR", "message": "(Duplicate SKU: NH-007 - product_id=7 sku=NH-007", "correlation_id": "N/A"}
{"timestamp": "2026-04-27T12:33:23.839389", "service": "batch-worker-service", "level": "ERROR", "message": "(Duplicate SKU: GC-008 - product_id=8 sku=GC-008", "correlation_id": "N/A"}
{"timestamp": "2026-04-27T12:33:23.843574", "service": "batch-worker-service", "level": "ERROR", "message": "(Duplicate SKU: HD-009 - product_id=9 sku=HD-009", "correlation_id": "N/A"}
{"timestamp": "2026-04-27T12:33:23.848218", "service": "batch-worker-service", "level": "ERROR", "message": "(Duplicate SKU: LM-010 - product_id=10 sku=LM-010", "correlation_id": "N/A"}
{"timestamp": "2026-04-27T12:33:23.855742", "service": "batch-worker-service", "level": "ERROR", "message": "(Duplicate SKU: WE-011 - product_id=11 sku=WE-011", "correlation_id": "N/A"}
{"timestamp": "2026-04-27T12:33:23.860269", "service": "batch-worker-service", "level": "ERROR", "message": "(Duplicate SKU: PB-012 - product_id=12 sku=PB-012", "correlation_id": "N/A"}
{"timestamp": "2026-04-27T12:33:23.868604", "service": "batch-worker-service", "level": "ERROR", "message": "(Duplicate SKU: WC-013 - product_id=13 sku=WC-013", "correlation_id": "N/A"}
{"timestamp": "2026-04-27T12:33:23.871465", "service": "batch-worker-service", "level": "ERROR", "message": "(Duplicate SKU: SS-014 - product_id=14 sku=SS-014", "correlation_id": "N/A"}
{"timestamp": "2026-04-27T12:33:23.878929", "service": "batch-worker-service", "level": "ERROR", "message": "(Duplicate SKU: MP-015 - product_id=15 sku=MP-015", "correlation_id": "N/A"}
{"timestamp": "2026-04-27T12:34:51.472501", "service": "batch-worker-service", "level": "INFO", "message": "Received ", "correlation_id": "N/A"}
{"timestamp": "2026-04-27T12:34:51.495281", "service": "batch-worker-service", "level": "ERROR", "message": "(Dupicate product_id:1 - product_id=1 sku=WM-001", "correlation_id": "N/A"}
{"timestamp": "2026-04-27T12:34:51.515068", "service": "batch-worker-service", "level": "ERROR", "message": "(Duplicate SKU: MK-002 - product_id=2 sku=MK-002", "correlation_id": "N/A"}
{"timestamp": "2026-04-27T12:34:51.517718", "service": "batch-worker-service", "level": "ERROR", "message": "(Duplicate SKU: BS-003 - product_id=3 sku=BS-003", "correlation_id": "N/A"}
{"timestamp": "2026-04-27T12:34:51.525087", "service": "batch-worker-service", "level": "ERROR", "message": "(Duplicate SKU: SW-004 - product_id=4 sku=SW-004", "correlation_id": "N/A"}
{"timestamp": "2026-04-27T12:34:51.530411", "service": "batch-worker-service", "level": "ERROR", "message": "(Duplicate SKU: UC-005 - product_id=5 sku=UC-005", "correlation_id": "N/A"}
{"timestamp": "2026-04-27T12:34:51.534081", "service": "batch-worker-service", "level": "ERROR", "message": "(Duplicate SKU: LS-006 - product_id=6 sku=LS-006", "correlation_id": "N/A"}
{"timestamp": "2026-04-27T12:34:51.541183", "service": "batch-worker-service", "level": "ERROR", "message": "(Duplicate SKU: NH-007 - product_id=7 sku=NH-007", "correlation_id": "N/A"}
{"timestamp": "2026-04-27T12:34:51.546065", "service": "batch-worker-service", "level": "ERROR", "message": "(Duplicate SKU: GC-008 - product_id=8 sku=GC-008", "correlation_id": "N/A"}
{"timestamp": "2026-04-27T12:34:51.557637", "service": "batch-worker-service", "level": "ERROR", "message": "(Duplicate SKU: HD-009 - product_id=9 sku=HD-009", "correlation_id": "N/A"}
{"timestamp": "2026-04-27T12:34:51.565026", "service": "batch-worker-service", "level": "ERROR", "message": "(Duplicate SKU: LM-010 - product_id=10 sku=LM-010", "correlation_id": "N/A"}
{"timestamp": "2026-04-27T12:34:51.569651", "service": "batch-worker-service", "level": "ERROR", "message": "(Duplicate SKU: WE-011 - product_id=11 sku=WE-011", "correlation_id": "N/A"}
{"timestamp": "2026-04-27T12:34:51.572555", "service": "batch-worker-service", "level": "ERROR", "message": "(Duplicate SKU: PB-012 - product_id=12 sku=PB-012", "correlation_id": "N/A"}
{"timestamp": "2026-04-27T12:34:51.579912", "service": "batch-worker-service", "level": "ERROR", "message": "(Duplicate SKU: WC-013 - product_id=13 sku=WC-013", "correlation_id": "N/A"}
{"timestamp": "2026-04-27T12:34:51.583156", "service": "batch-worker-service", "level": "ERROR", "message": "(Duplicate SKU: SS-014 - product_id=14 sku=SS-014", "correlation_id": "N/A"}
{"timestamp": "2026-04-27T12:34:51.588696", "service": "batch-worker-service", "level": "ERROR", "message": "(Duplicate SKU: MP-015 - product_id=15 sku=MP-015", "correlation_id": "N/A"}
{"timestamp": "2026-04-27T12:35:29.493166", "service": "batch-worker-service", "level": "INFO", "message": "Received ", "correlation_id": "N/A"}
{"timestamp": "2026-04-27T12:35:29.498297", "service": "batch-worker-service", "level": "ERROR", "message": "(Dupicate product_id:1 - product_id=1 sku=WM-001", "correlation_id": "N/A"}
{"timestamp": "2026-04-27T12:35:29.529078", "service": "batch-worker-service", "level": "ERROR", "message": "(Duplicate SKU: MK-002 - product_id=2 sku=MK-002", "correlation_id": "N/A"}
{"timestamp": "2026-04-27T12:35:29.557225", "service": "batch-worker-service", "level": "ERROR", "message": "(Duplicate SKU: BS-003 - product_id=3 sku=BS-003", "correlation_id": "N/A"}
{"timestamp": "2026-04-27T12:35:29.572043", "service": "batch-worker-service", "level": "ERROR", "message": "(Duplicate SKU: SW-004 - product_id=4 sku=SW-004", "correlation_id": "N/A"}
{"timestamp": "2026-04-27T12:35:29.589425", "service": "batch-worker-service", "level": "ERROR", "message": "(Duplicate SKU: UC-005 - product_id=5 sku=UC-005", "correlation_id": "N/A"}
{"timestamp": "2026-04-27T12:35:29.612503", "service": "batch-worker-service", "level": "ERROR", "message": "(Duplicate SKU: LS-006 - product_id=6 sku=LS-006", "correlation_id": "N/A"}
{"timestamp": "2026-04-27T12:35:29.625249", "service": "batch-worker-service", "level": "ERROR", "message": "(Duplicate SKU: NH-007 - product_id=7 sku=NH-007", "correlation_id": "N/A"}
{"timestamp": "2026-04-27T12:35:29.644732", "service": "batch-worker-service", "level": "ERROR", "message": "(Duplicate SKU: GC-008 - product_id=8 sku=GC-008", "correlation_id": "N/A"}
{"timestamp": "2026-04-27T12:35:29.649152", "service": "batch-worker-service", "level": "ERROR", "message": "(Duplicate SKU: HD-009 - product_id=9 sku=HD-009", "correlation_id": "N/A"}
{"timestamp": "2026-04-27T12:35:29.657469", "service": "batch-worker-service", "level": "ERROR", "message": "(Duplicate SKU: LM-010 - product_id=10 sku=LM-010", "correlation_id": "N/A"}
{"timestamp": "2026-04-27T12:35:29.665393", "service": "batch-worker-service", "level": "ERROR", "message": "(Duplicate SKU: WE-011 - product_id=11 sku=WE-011", "correlation_id": "N/A"}
{"timestamp": "2026-04-27T12:35:29.679306", "service": "batch-worker-service", "level": "ERROR", "message": "(Duplicate SKU: PB-012 - product_id=12 sku=PB-012", "correlation_id": "N/A"}
{"timestamp": "2026-04-27T12:35:29.681491", "service": "batch-worker-service", "level": "ERROR", "message": "(Duplicate SKU: WC-013 - product_id=13 sku=WC-013", "correlation_id": "N/A"}
{"timestamp": "2026-04-27T12:35:29.683677", "service": "batch-worker-service", "level": "ERROR", "message": "(Duplicate SKU: SS-014 - product_id=14 sku=SS-014", "correlation_id": "N/A"}
{"timestamp": "2026-04-27T12:35:29.687349", "service": "batch-worker-service", "level": "ERROR", "message": "(Duplicate SKU: MP-015 - product_id=15 sku=MP-015", "correlation_id": "N/A"}
{"timestamp": "2026-04-27T12:40:52.452744", "service": "batch-worker-service", "level": "INFO", "message": "Received ", "correlation_id": "N/A"}
{"timestamp": "2026-04-27T12:40:52.480091", "service": "batch-worker-service", "level": "ERROR", "message": "(Dupicate product_id:1 - product_id=1 sku=WM-001", "correlation_id": "N/A"}
{"timestamp": "2026-04-27T12:40:52.502817", "service": "batch-worker-service", "level": "ERROR", "message": "(Duplicate SKU: MK-002 - product_id=2 sku=MK-002", "correlation_id": "N/A"}
{"timestamp": "2026-04-27T12:40:52.515928", "service": "batch-worker-service", "level": "ERROR", "message": "(Duplicate SKU: BS-003 - product_id=3 sku=BS-003", "correlation_id": "N/A"}
{"timestamp": "2026-04-27T12:40:52.525557", "service": "batch-worker-service", "level": "ERROR", "message": "(Duplicate SKU: SW-004 - product_id=4 sku=SW-004", "correlation_id": "N/A"}
{"timestamp": "2026-04-27T12:40:52.531390", "service": "batch-worker-service", "level": "ERROR", "message": "(Duplicate SKU: UC-005 - product_id=5 sku=UC-005", "correlation_id": "N/A"}
{"timestamp": "2026-04-27T12:40:52.543638", "service": "batch-worker-service", "level": "ERROR", "message": "(Duplicate SKU: LS-006 - product_id=6 sku=LS-006", "correlation_id": "N/A"}
{"timestamp": "2026-04-27T12:40:52.568251", "service": "batch-worker-service", "level": "ERROR", "message": "(Duplicate SKU: NH-007 - product_id=7 sku=NH-007", "correlation_id": "N/A"}
{"timestamp": "2026-04-27T12:40:52.570835", "service": "batch-worker-service", "level": "ERROR", "message": "(Duplicate SKU: GC-008 - product_id=8 sku=GC-008", "correlation_id": "N/A"}
{"timestamp": "2026-04-27T12:40:52.582357", "service": "batch-worker-service", "level": "ERROR", "message": "(Duplicate SKU: HD-009 - product_id=9 sku=HD-009", "correlation_id": "N/A"}
{"timestamp": "2026-04-27T12:40:52.586853", "service": "batch-worker-service", "level": "ERROR", "message": "(Duplicate SKU: LM-010 - product_id=10 sku=LM-010", "correlation_id": "N/A"}
{"timestamp": "2026-04-27T12:40:52.592957", "service": "batch-worker-service", "level": "ERROR", "message": "(Duplicate SKU: WE-011 - product_id=11 sku=WE-011", "correlation_id": "N/A"}
{"timestamp": "2026-04-27T12:40:52.595385", "service": "batch-worker-service", "level": "ERROR", "message": "(Duplicate SKU: PB-012 - product_id=12 sku=PB-012", "correlation_id": "N/A"}
{"timestamp": "2026-04-27T12:40:52.597669", "service": "batch-worker-service", "level": "ERROR", "message": "(Duplicate SKU: WC-013 - product_id=13 sku=WC-013", "correlation_id": "N/A"}
{"timestamp": "2026-04-27T12:40:52.608945", "service": "batch-worker-service", "level": "ERROR", "message": "(Duplicate SKU: SS-014 - product_id=14 sku=SS-014", "correlation_id": "N/A"}
{"timestamp": "2026-04-27T12:40:52.611743", "service": "batch-worker-service", "level": "ERROR", "message": "(Duplicate SKU: MP-015 - product_id=15 sku=MP-015", "correlation_id": "N/A"}
{"timestamp": "2026-04-27T12:41:51.038109", "service": "batch-worker-service", "level": "INFO", "message": "Received ", "correlation_id": "N/A"}
{"timestamp": "2026-04-27T12:42:11.749072", "service": "batch-worker-service", "level": "INFO", "message": "Received ", "correlation_id": "N/A"}
{"timestamp": "2026-04-27T12:42:48.747281", "service": "batch-worker-service", "level": "INFO", "message": "Received ", "correlation_id": "N/A"}
{"timestamp": "2026-04-27T12:42:57.174127", "service": "batch-worker-service", "level": "INFO", "message": "Received ", "correlation_id": "N/A"}
[91m{"timestamp": "2026-04-27T12:50:30.617292", "service": "batch-worker-service", "level": "INFO", "message": "Received batch of 1 products", "correlation_id": "N/A"}[0m
[91m{"timestamp": "2026-04-27T12:50:42.029452", "service": "batch-worker-service", "level": "INFO", "message": "Received batch of 1 products", "correlation_id": "N/A"}[0m
{"timestamp": "2026-04-27T12:50:42.035309", "service": "batch-worker-service", "level": "ERROR", "message": "Duplicate SKU: string - product_id=600 sku=string", "correlation_id": "N/A"}
